
Windows PowerShell
Copyright (C) Microsoft Corporation. All rights reserved.







■初期構築～起動

PS C:\work\ICT-STORE\ict-store-server> node -version
C:\Program Files\nodejs\node.exe: bad option: -version
PS C:\work\ICT-STORE\ict-store-server> node -v
v12.13.0
PS C:\work\ICT-STORE\ict-store-server> npm init -y
Wrote to C:\work\ICT-STORE\ict-store-server\package.json:

{
  "name": "ict-store-server",
  "version": "1.0.0",
  "description": "",
  "main": "index.js",
  "scripts": {
    "test": "echo \"Error: no test specified\" && exit 1"
  },
  "keywords": [],
  "author": "",
  "license": "ISC"
}


PS C:\work\ICT-STORE\ict-store-server> npm install -s express
+ express@4.17.1
added 50 packages from 37 contributors and audited 50 packages in 13.216s
found 0 vulnerabilities

PS C:\work\ICT-STORE\ict-store-server> npm install -g nodemon
C:\Users\HBA118330191\AppData\Roaming\npm\nodemon -> C:\Users\HBA118330191\AppData\Roaming\npm\node_modules\nodemon\bin\nodemon.js

> nodemon@2.0.4 postinstall C:\Users\HBA118330191\AppData\Roaming\npm\node_modules\nodemon
> node bin/postinstall || exit 0

Love nodemon? You can now support the project via the open collective:
 > https://opencollective.com/nodemon/donate

npm WARN optional SKIPPING OPTIONAL DEPENDENCY: fsevents@~2.1.2 (node_modules\nodemon\node_modules\chokidar\node_modules\fsevents):
npm WARN notsup SKIPPING OPTIONAL DEPENDENCY: Unsupported platform for fsevents@2.1.3: wanted {"os":"darwin","arch":"any"} (current: {"os":"win32","arch":"x64"})

+ nodemon@2.0.4
added 120 packages from 54 contributors in 44.741s
PS C:\work\ICT-STORE\ict-store-server>
PS C:\work\ICT-STORE\ict-store-server>
PS C:\work\ICT-STORE\ict-store-server>
PS C:\work\ICT-STORE\ict-store-server> nodemon index.js
[nodemon] 2.0.4
[nodemon] to restart at any time, enter `rs`
[nodemon] watching path(s): *.*
[nodemon] watching extensions: js,mjs,json
[nodemon] starting `node index.js`
Listening on port 8080...


■構成